// Jest Snapshot v1, https://goo.gl/fbAQLP

exports[`Home Component Should be create snapshot 1`] = `
<div>
  <div
    class="wrapper"
  >
    <h1>
      Os valores da tabela em relação ao Euro
    </h1>
    <div
      class="wrapper__button"
    >
      <button
        class="button"
      >
        Atualizar
      </button>
    </div>
    <div
      class="wrapper"
    >
      <svg
        aria-busy="true"
        aria-label="rotating-lines-loading"
        class="sc-egkSDF bLjrOr"
        data-testid="rotating-lines-svg"
        role="progressbar"
        speed="0.75"
        stroke="#001b74"
        viewBox="0 0 48 48"
        width="96"
        xmlns="http://www.w3.org/2000/svg"
      >
        <polyline
          class="sc-fAUdSK EuyAg"
          points="24,12 24,4"
          transform="rotate(0, 24, 24)"
          width="5"
        />
        <polyline
          class="sc-fAUdSK EuyAg"
          points="24,12 24,4"
          transform="rotate(30, 24, 24)"
          width="5"
        />
        <polyline
          class="sc-fAUdSK EuyAg"
          points="24,12 24,4"
          transform="rotate(60, 24, 24)"
          width="5"
        />
        <polyline
          class="sc-fAUdSK EuyAg"
          points="24,12 24,4"
          transform="rotate(90, 24, 24)"
          width="5"
        />
        <polyline
          class="sc-fAUdSK EuyAg"
          points="24,12 24,4"
          transform="rotate(120, 24, 24)"
          width="5"
        />
        <polyline
          class="sc-fAUdSK EuyAg"
          points="24,12 24,4"
          transform="rotate(150, 24, 24)"
          width="5"
        />
        <polyline
          class="sc-fAUdSK EuyAg"
          points="24,12 24,4"
          transform="rotate(180, 24, 24)"
          width="5"
        />
        <polyline
          class="sc-fAUdSK EuyAg"
          points="24,12 24,4"
          transform="rotate(210, 24, 24)"
          width="5"
        />
        <polyline
          class="sc-fAUdSK EuyAg"
          points="24,12 24,4"
          transform="rotate(240, 24, 24)"
          width="5"
        />
        <polyline
          class="sc-fAUdSK EuyAg"
          points="24,12 24,4"
          transform="rotate(270, 24, 24)"
          width="5"
        />
        <polyline
          class="sc-fAUdSK EuyAg"
          points="24,12 24,4"
          transform="rotate(300, 24, 24)"
          width="5"
        />
        <polyline
          class="sc-fAUdSK EuyAg"
          points="24,12 24,4"
          transform="rotate(330, 24, 24)"
          width="5"
        />
      </svg>
    </div>
  </div>
</div>
`;
