// Jest Snapshot v1, https://goo.gl/fbAQLP

exports[`Button Component Should be create snapshot 1`] = `
<div>
  <button
    class="button"
  >
    Clique Aqui
  </button>
</div>
`;
